// Jest Snapshot v1, https://goo.gl/fbAQLP

exports[`snapshot Timer 1`] = `
<div
  class="sc-bdfBwQ fJanuH"
  data-testid="timer"
>
  <div
    data-test-id="CircularProgressbarWithChildren"
  >
    <div
      style="position: relative; width: 100%; height: 100%;"
    >
      <svg
        class="CircularProgressbar "
        data-test-id="CircularProgressbar"
        viewBox="0 0 100 100"
      >
        <path
          class="CircularProgressbar-trail"
          d="
      M 50,50
      m 0,-46
      a 46,46 0 1 1 0,92
      a 46,46 0 1 1 0,-92
    "
          fill-opacity="0"
          stroke-width="8"
          style="stroke: rgba(106, 89, 157, 0.3); stroke-linecap: round; stroke-dasharray: 289.02652413026095px 289.02652413026095px; stroke-dashoffset: 0px;"
        />
        <path
          class="CircularProgressbar-path"
          d="
      M 50,50
      m 0,-46
      a 46,46 0 1 1 0,92
      a 46,46 0 1 1 0,-92
    "
          fill-opacity="0"
          stroke-width="8"
          style="stroke: rgba(106, 89, 157, 1); stroke-linecap: round; transition: none; transition-duration: 60s; stroke-dasharray: 289.02652413026095px 289.02652413026095px; stroke-dashoffset: 11.561060965210448px;"
        />
      </svg>
      <div
        data-test-id="CircularProgressbarWithChildren__children"
        style="position: absolute; width: 100%; height: 100%; margin-top: -100%; display: flex; flex-direction: column; justify-content: center; align-items: center;"
      >
        <p>
          <span
            data-testid="minute"
          >
            25
          </span>
          :
          <span
            data-testid="second"
          >
            0
          </span>
        </p>
      </div>
    </div>
  </div>
</div>
`;
