// Jest Snapshot v1, https://goo.gl/fbAQLP

exports[`snapshot Pomodoro 1`] = `
<div
  class="sc-bdfBwQ eVglnJ"
  data-testid="pomodoro"
>
  <div>
    <span>
      25
    </span>
    :
    <span>
      0
    </span>
  </div>
</div>
`;
